---
source: crates/pixi_manifest/src/discovery.rs
expression: combined_snapshot
---
## SearchRoot
Discovered workspace at: 3tier-resolution-separate/pyproject.toml
- Name: separate-workspace

## ExplicitManifest
Discovered workspace at: 3tier-resolution-separate/pyproject.toml
- Name: separate-workspace
