---
source: crates/pixi_manifest/src/discovery.rs
expression: combined_snapshot
---
## SearchRoot
Discovered workspace at: pixi.toml
- Name: workspace-discovery
Package: workspace-discovery @ 0.1.0

## ExplicitManifest
Discovered workspace at: pixi.toml
- Name: workspace-discovery
Package: workspace-discovery @ 0.1.0
